========== dotnet build ========== 
  Determinando os projetos a serem restaurados...
  Todos os projetos estão atualizados para restauração.
  CacheSimulator -> C:\Users\Mauricio Knabben\Documents\zzEng Software\Fundamentos Arq Computadores\CacheSimulator\bin\Debug\net10.0\CacheSimulator.dll

Compilação com êxito.
    0 Aviso(s)
    0 Erro(s)

Tempo Decorrido 00:00:03.18
 
========== DONE ========== 
